Using pre-set license
Built from '2022.3/staging' branch; Version is '2022.3.21f1 (bf09ca542b87) revision 12519882'; Using compiler version '192829333'; Build Type 'Release'
OS: 'Windows 10  (10.0.19045) 64bit Professional' Language: 'ko' Physical Memory: 15659 MB
BatchMode: 1, IsHumanControllingUs: 0, StartBugReporterOnCrash: 0, Is64bit: 1, IsPro: 1

COMMAND LINE ARGUMENTS:
C:\Program Files\Unity\Hub\Editor\2022.3.21f1\Editor\Unity.exe
-adb2
-batchMode
-noUpm
-name
AssetImportWorker1
-projectPath
C:/Users/KGA/Desktop/TeamProject/3D-Solo-Project/3D Solo Project
-logFile
Logs/AssetImportWorker1.log
-srvPort
53627
Successfully changed project path to: C:/Users/KGA/Desktop/TeamProject/3D-Solo-Project/3D Solo Project
C:/Users/KGA/Desktop/TeamProject/3D-Solo-Project/3D Solo Project
[UnityMemory] Configuration Parameters - Can be set up in boot.config
    "memorysetup-bucket-allocator-granularity=16"
    "memorysetup-bucket-allocator-bucket-count=8"
    "memorysetup-bucket-allocator-block-size=33554432"
    "memorysetup-bucket-allocator-block-count=8"
    "memorysetup-main-allocator-block-size=16777216"
    "memorysetup-thread-allocator-block-size=16777216"
    "memorysetup-gfx-main-allocator-block-size=16777216"
    "memorysetup-gfx-thread-allocator-block-size=16777216"
    "memorysetup-cache-allocator-block-size=4194304"
    "memorysetup-typetree-allocator-block-size=2097152"
    "memorysetup-profiler-bucket-allocator-granularity=16"
    "memorysetup-profiler-bucket-allocator-bucket-count=8"
    "memorysetup-profiler-bucket-allocator-block-size=33554432"
    "memorysetup-profiler-bucket-allocator-block-count=8"
    "memorysetup-profiler-allocator-block-size=16777216"
    "memorysetup-profiler-editor-allocator-block-size=1048576"
    "memorysetup-temp-allocator-size-main=16777216"
    "memorysetup-job-temp-allocator-block-size=2097152"
    "memorysetup-job-temp-allocator-block-size-background=1048576"
    "memorysetup-job-temp-allocator-reduction-small-platforms=262144"
    "memorysetup-allocator-temp-initial-block-size-main=262144"
    "memorysetup-allocator-temp-initial-block-size-worker=262144"
    "memorysetup-temp-allocator-size-background-worker=32768"
    "memorysetup-temp-allocator-size-job-worker=262144"
    "memorysetup-temp-allocator-size-preload-manager=33554432"
    "memorysetup-temp-allocator-size-nav-mesh-worker=65536"
    "memorysetup-temp-allocator-size-audio-worker=65536"
    "memorysetup-temp-allocator-size-cloud-worker=32768"
    "memorysetup-temp-allocator-size-gi-baking-worker=262144"
    "memorysetup-temp-allocator-size-gfx=262144"
Player connection [17164] Host "[IP] 192.168.0.52 [Port] 0 [Flags] 2 [Guid] 2058567368 [EditorId] 2058567368 [Version] 1048832 [Id] WindowsEditor(7,DESKTOP-S80O896) [Debug] 1 [PackageName] WindowsEditor [ProjectName] Editor" joined multi-casting on [225.0.0.222:54997]...

Player connection [17164] Host "[IP] 192.168.0.52 [Port] 0 [Flags] 2 [Guid] 2058567368 [EditorId] 2058567368 [Version] 1048832 [Id] WindowsEditor(7,DESKTOP-S80O896) [Debug] 1 [PackageName] WindowsEditor [ProjectName] Editor" joined alternative multi-casting on [225.0.0.222:34997]...

[Physics::Module] Initialized MultithreadedJobDispatcher with 11 workers.
Refreshing native plugins compatible for Editor in 7.74 ms, found 3 plugins.
Preloading 0 native plugins for Editor in 0.00 ms.
Initialize engine version: 2022.3.21f1 (bf09ca542b87)
[Subsystems] Discovering subsystems at path C:/Program Files/Unity/Hub/Editor/2022.3.21f1/Editor/Data/Resources/UnitySubsystems
[Subsystems] Discovering subsystems at path C:/Users/KGA/Desktop/TeamProject/3D-Solo-Project/3D Solo Project/Assets
GfxDevice: creating device client; threaded=0; jobified=0
Direct3D:
    Version:  Direct3D 11.0 [level 11.1]
    Renderer: AMD Radeon(TM) Graphics (ID=0x1638)
    Vendor:   ATI
    VRAM:     7829 MB
    Driver:   31.0.12042.4
Initialize mono
Mono path[0] = 'C:/Program Files/Unity/Hub/Editor/2022.3.21f1/Editor/Data/Managed'
Mono path[1] = 'C:/Program Files/Unity/Hub/Editor/2022.3.21f1/Editor/Data/MonoBleedingEdge/lib/mono/unityjit-win32'
Mono config path = 'C:/Program Files/Unity/Hub/Editor/2022.3.21f1/Editor/Data/MonoBleedingEdge/etc'
Using monoOptions --debugger-agent=transport=dt_socket,embedding=1,server=y,suspend=n,address=127.0.0.1:56988
Begin MonoManager ReloadAssembly
Registering precompiled unity dll's ...
Register platform support module: C:/Program Files/Unity/Hub/Editor/2022.3.21f1/Editor/Data/PlaybackEngines/AndroidPlayer/UnityEditor.Android.Extensions.dll
Register platform support module: C:/Program Files/Unity/Hub/Editor/2022.3.21f1/Editor/Data/PlaybackEngines/WindowsStandaloneSupport/UnityEditor.WindowsStandalone.Extensions.dll
Registered in 0.012762 seconds.
- Loaded All Assemblies, in  0.362 seconds
Native extension for WindowsStandalone target not found
Native extension for Android target not found
Android Extension - Scanning For ADB Devices 242 ms
Mono: successfully reloaded assembly
- Finished resetting the current domain, in  0.610 seconds
Domain Reload Profiling: 971ms
	BeginReloadAssembly (115ms)
		ExecutionOrderSort (0ms)
		DisableScriptedObjects (0ms)
		BackupInstance (0ms)
		ReleaseScriptingObjects (0ms)
		CreateAndSetChildDomain (1ms)
	RebuildCommonClasses (34ms)
	RebuildNativeTypeToScriptingClass (9ms)
	initialDomainReloadingComplete (68ms)
	LoadAllAssembliesAndSetupDomain (134ms)
		LoadAssemblies (114ms)
		RebuildTransferFunctionScriptingTraits (0ms)
		AnalyzeDomain (132ms)
			TypeCache.Refresh (131ms)
				TypeCache.ScanAssembly (119ms)
			ScanForSourceGeneratedMonoScriptInfo (0ms)
			ResolveRequiredComponents (0ms)
	FinalizeReload (611ms)
		ReleaseScriptCaches (0ms)
		RebuildScriptCaches (0ms)
		SetupLoadedEditorAssemblies (555ms)
			LogAssemblyErrors (0ms)
			InitializePlatformSupportModulesInManaged (338ms)
			SetLoadedEditorAssemblies (4ms)
			RefreshPlugins (0ms)
			BeforeProcessingInitializeOnLoad (2ms)
			ProcessInitializeOnLoadAttributes (156ms)
			ProcessInitializeOnLoadMethodAttributes (54ms)
			AfterProcessingInitializeOnLoad (0ms)
			EditorAssembliesLoaded (0ms)
		ExecutionOrderSort2 (0ms)
		AwakeInstancesAfterBackupRestoration (0ms)
========================================================================
Worker process is ready to serve import requests
Begin MonoManager ReloadAssembly
- Loaded All Assemblies, in  0.650 seconds
Refreshing native plugins compatible for Editor in 2.76 ms, found 3 plugins.
Native extension for WindowsStandalone target not found
Native extension for Android target not found
Mono: successfully reloaded assembly
- Finished resetting the current domain, in  0.665 seconds
Domain Reload Profiling: 1313ms
	BeginReloadAssembly (144ms)
		ExecutionOrderSort (0ms)
		DisableScriptedObjects (5ms)
		BackupInstance (0ms)
		ReleaseScriptingObjects (0ms)
		CreateAndSetChildDomain (26ms)
	RebuildCommonClasses (30ms)
	RebuildNativeTypeToScriptingClass (9ms)
	initialDomainReloadingComplete (38ms)
	LoadAllAssembliesAndSetupDomain (427ms)
		LoadAssemblies (335ms)
		RebuildTransferFunctionScriptingTraits (0ms)
		AnalyzeDomain (176ms)
			TypeCache.Refresh (152ms)
				TypeCache.ScanAssembly (136ms)
			ScanForSourceGeneratedMonoScriptInfo (19ms)
			ResolveRequiredComponents (4ms)
	FinalizeReload (665ms)
		ReleaseScriptCaches (0ms)
		RebuildScriptCaches (0ms)
		SetupLoadedEditorAssemblies (518ms)
			LogAssemblyErrors (0ms)
			InitializePlatformSupportModulesInManaged (24ms)
			SetLoadedEditorAssemblies (4ms)
			RefreshPlugins (0ms)
			BeforeProcessingInitializeOnLoad (85ms)
			ProcessInitializeOnLoadAttributes (379ms)
			ProcessInitializeOnLoadMethodAttributes (19ms)
			AfterProcessingInitializeOnLoad (6ms)
			EditorAssembliesLoaded (0ms)
		ExecutionOrderSort2 (0ms)
		AwakeInstancesAfterBackupRestoration (6ms)
Launched and connected shader compiler UnityShaderCompiler.exe after 0.04 seconds
Refreshing native plugins compatible for Editor in 3.77 ms, found 3 plugins.
Preloading 0 native plugins for Editor in 0.00 ms.
Unloading 3567 Unused Serialized files (Serialized files now loaded: 0)
Unloading 40 unused Assets / (57.5 KB). Loaded Objects now: 4036.
Memory consumption went from 141.9 MB to 141.8 MB.
Total: 3.346600 ms (FindLiveObjects: 0.398900 ms CreateObjectMapping: 0.195900 ms MarkObjects: 2.650700 ms  DeleteObjects: 0.100200 ms)

AssetImportParameters requested are different than current active one (requested -> active):
  custom:container-demuxer-ogg: 62fdf1f143b41e24485cea50d1cbac27 -> 
  custom:video-decoder-ogg-theora: a1e56fd34408186e4bbccfd4996cb3dc -> 
  custom:framework-win-MediaFoundation: 216162199b28c13a410421893ffa2e32 -> 
  custom:CustomObjectIndexerAttribute: 9a22284fe3817be447336de3de66b15e -> 
  custom:container-demuxer-webm: 4f35f7cbe854078d1ac9338744f61a02 -> 
  custom:container-muxer-webm: aa71ff27fc2769a1b78a27578f13a17b -> 
  custom:video-decoder-webm-vp8: 9c59270c3fd7afecdb556c50c9e8de78 -> 
  custom:SearchIndexIgnoredProperties: e643bd26f0fe6173181afceb89e7c659 -> 
  custom:AudioImporter_EditorPlatform: d09bf68614088b80899f8185d706f6e7 -> 
  custom:video-encoder-webm-vp8: eb34c28f22e8b96e1ab97ce403110664 -> 
  custom:audio-decoder-ogg-vorbis: bf7c407c2cedff20999df2af8eb42d56 -> 
  custom:audio-encoder-webm-vorbis: bf7c407c2cedff20999df2af8eb42d56 -> 
========================================================================
Received Import Request.
  Time since last request: 695910.373693 seconds.
  path: Assets/Animation/Monster/Skel/Skeleton@Skill.FBX
  artifactKey: Guid(21a8cf2448d6e304ea85f0da1e814b30) Importer(815301076,1909f56bfc062723c751e8b465ee728b)
Start importing Assets/Animation/Monster/Skel/Skeleton@Skill.FBX using Guid(21a8cf2448d6e304ea85f0da1e814b30) Importer(815301076,1909f56bfc062723c751e8b465ee728b)  -> (artifact id: '212aae9689db3666c93deb21b467e106') in 0.109783 seconds
Number of updated asset objects reloaded before import = 0
Number of asset objects unloaded after import = 91
========================================================================
Received Import Request.
  Time since last request: 0.000028 seconds.
  path: Assets/Animation/Monster/Skel/Skeleton@Death.FBX
  artifactKey: Guid(70523bdac21190b42b1fcd2ba5ea425e) Importer(815301076,1909f56bfc062723c751e8b465ee728b)
Start importing Assets/Animation/Monster/Skel/Skeleton@Death.FBX using Guid(70523bdac21190b42b1fcd2ba5ea425e) Importer(815301076,1909f56bfc062723c751e8b465ee728b)  -> (artifact id: 'e43f43a5d75ea577750bba2102df5f5e') in 0.034446 seconds
Number of updated asset objects reloaded before import = 0
Number of asset objects unloaded after import = 91
========================================================================
Received Import Request.
  Time since last request: 0.000018 seconds.
  path: Assets/Animation/Monster/Skel/Skeleton@Attack.FBX
  artifactKey: Guid(d7ea74687c53a1f469892a5d2fd922d9) Importer(815301076,1909f56bfc062723c751e8b465ee728b)
Start importing Assets/Animation/Monster/Skel/Skeleton@Attack.FBX using Guid(d7ea74687c53a1f469892a5d2fd922d9) Importer(815301076,1909f56bfc062723c751e8b465ee728b)  -> (artifact id: '4ca4d80a50377f3868b97fbd8b5d2e2e') in 0.030501 seconds
Number of updated asset objects reloaded before import = 0
Number of asset objects unloaded after import = 91
========================================================================
Received Import Request.
  Time since last request: 933.075862 seconds.
  path: Assets/Modle/Monster/FantasyMonster/Skeleton/Ani/Skeleton@Damage.FBX
  artifactKey: Guid(81d4af5a5190e3d4d88c97161d881bf3) Importer(815301076,1909f56bfc062723c751e8b465ee728b)
Start importing Assets/Modle/Monster/FantasyMonster/Skeleton/Ani/Skeleton@Damage.FBX using Guid(81d4af5a5190e3d4d88c97161d881bf3) Importer(815301076,1909f56bfc062723c751e8b465ee728b)  -> (artifact id: 'b60302146de749af2418c87b760ecc0f') in 0.031418 seconds
Number of updated asset objects reloaded before import = 0
Number of asset objects unloaded after import = 91
========================================================================
Received Import Request.
  Time since last request: 0.000021 seconds.
  path: Assets/Modle/Monster/FantasyMonster/Skeleton/Ani/Skeleton@Death.FBX
  artifactKey: Guid(a749f4485b342b7469956010abf2ab25) Importer(815301076,1909f56bfc062723c751e8b465ee728b)
Start importing Assets/Modle/Monster/FantasyMonster/Skeleton/Ani/Skeleton@Death.FBX using Guid(a749f4485b342b7469956010abf2ab25) Importer(815301076,1909f56bfc062723c751e8b465ee728b)  -> (artifact id: '6929111ef0dad383f5b3743fa8d415c2') in 0.030301 seconds
Number of updated asset objects reloaded before import = 0
Number of asset objects unloaded after import = 91
========================================================================
Received Import Request.
  Time since last request: 0.000019 seconds.
  path: Assets/Modle/Monster/FantasyMonster/Skeleton/Ani/Skeleton@Run.FBX
  artifactKey: Guid(f57ee821486cd7b488adf1063a8dd207) Importer(815301076,1909f56bfc062723c751e8b465ee728b)
Start importing Assets/Modle/Monster/FantasyMonster/Skeleton/Ani/Skeleton@Run.FBX using Guid(f57ee821486cd7b488adf1063a8dd207) Importer(815301076,1909f56bfc062723c751e8b465ee728b)  -> (artifact id: '15c0a62943ee99494cd9c3e1d4b5e9f8') in 0.030542 seconds
Number of updated asset objects reloaded before import = 0
Number of asset objects unloaded after import = 91
========================================================================
Received Import Request.
  Time since last request: 0.000019 seconds.
  path: Assets/Modle/Monster/FantasyMonster/Skeleton/Ani/Skeleton@Knockback.FBX
  artifactKey: Guid(6e0b4a05932877a4b89fb3fb32c3e72b) Importer(815301076,1909f56bfc062723c751e8b465ee728b)
Start importing Assets/Modle/Monster/FantasyMonster/Skeleton/Ani/Skeleton@Knockback.FBX using Guid(6e0b4a05932877a4b89fb3fb32c3e72b) Importer(815301076,1909f56bfc062723c751e8b465ee728b)  -> (artifact id: '153cd869180cee38b45a842c627dc776') in 0.034964 seconds
Number of updated asset objects reloaded before import = 0
Number of asset objects unloaded after import = 91
Editor requested this worker to shutdown with reason: Scaling down because of idle timeout
TcpMessagingSession - receive error: operation aborted. errorcode: 995, details: 스레드 종료 또는 응용 프로그램 요청 때문에 I/O 작업이 취소되었습니다.
AssetImportWorker is now disconnected from the server
Process exiting
Exiting without the bug reporter. Application will terminate with return code 0